     1                                  bits 16
     2                                  org 0x7C00
     3                                  
     4                                  STAGE2_LBA     equ 1
     5                                  STAGE2_SECTORS equ 16
     6                                  STAGE2_ADDR    equ 0x7E00
     7                                  
     8                                  P1_START       equ 2048         ; partition 1 start (LBA), 40 MB
     9                                  P1_SECTORS     equ 81920
    10                                  P2_START       equ 2048 + 81920 ; partition 2 start (right after P1)
    11                                  P2_SECTORS     equ 81920
    12                                  
    13                                  %ifndef FAT32
    14 00000000 EB3C                        jmp short start
    15 00000002 90                          nop
    16                                  
    17 00000003 4E59584F53312E30        bpb_oem:                db 'NYXOS1.0'
    18 0000000B 0002                    bpb_bytes_per_sector:   dw 512
    19 0000000D 01                      bpb_sectors_per_cluster:db 1
    20 0000000E 1100                    bpb_reserved_sectors:   dw 17
    21 00000010 02                      bpb_num_fats:           db 2
    22 00000011 E000                    bpb_root_entries:       dw 224
    23 00000013 400B                    bpb_total_sectors:      dw 2880
    24 00000015 F0                      bpb_media:              db 0xF0
    25 00000016 0900                    bpb_sectors_per_fat:    dw 9
    26 00000018 0000                    bpb_sectors_per_track:  dw 0            ; CHS geometry - unused (LBA only)
    27 0000001A 0000                    bpb_heads:              dw 0            ; CHS geometry - unused (LBA only)
    28 0000001C 00000000                bpb_hidden_sectors:     dd 0
    29 00000020 00000000                bpb_large_sectors:      dd 0
    30 00000024 00                      ebr_drive:              db 0
    31 00000025 00                      ebr_reserved:           db 0
    32 00000026 29                      ebr_signature:          db 0x29
    33 00000027 78563412                ebr_volid:              dd 0x12345678
    34 0000002B 4E5958204F53202020-     ebr_vollabel:           db 'NYX OS     '
    34 00000034 2020               
    35 00000036 4641543132202020        ebr_sysid:              db 'FAT12   '
    36                                  %endif
    37                                  
    38                                  start:
    39 0000003E FA                          cli
    40 0000003F 31C0                        xor ax, ax
    41 00000041 8ED8                        mov ds, ax
    42 00000043 8EC0                        mov es, ax
    43 00000045 8ED0                        mov ss, ax
    44 00000047 BC007C                      mov sp, 0x7C00
    45 0000004A FB                          sti
    46                                  
    47 0000004B 8816[A500]                  mov [drive], dl
    48                                  
    49 0000004F FC                          cld
    50 00000050 BE[B600]                    mov si, msg_boot
    51 00000053 E83B00                      call print_string
    52                                  
    53 00000056 B441                        mov ah, 0x41                ; int 13h extensions installation check
    54 00000058 BBAA55                      mov bx, 0x55AA
    55 0000005B 8A16[A500]                  mov dl, [drive]
    56 0000005F CD13                        int 0x13
    57 00000061 721C                        jc  no_lba
    58 00000063 81FB55AA                    cmp bx, 0xAA55
    59 00000067 7516                        jne no_lba
    60                                  
    61 00000069 B442                        mov ah, 0x42                ; extended read of stage2 via the DAP
    62 0000006B 8A16[A500]                  mov dl, [drive]
    63 0000006F BE[A600]                    mov si, dap
    64 00000072 CD13                        int 0x13
    65 00000074 7211                        jc  disk_error
    66                                  
    67 00000076 8A16[A500]                  mov dl, [drive]
    68 0000007A EA007E0000                  jmp 0x0000:STAGE2_ADDR
    69                                  
    70                                  no_lba:
    71 0000007F BE[CF00]                    mov si, msg_nolba
    72 00000082 E80C00                      call print_string
    73 00000085 EB06                        jmp halt
    74                                  
    75                                  disk_error:
    76 00000087 BE[E300]                    mov si, msg_diskerr
    77 0000008A E80400                      call print_string
    78                                  
    79                                  halt:
    80 0000008D FA                          cli
    81 0000008E F4                          hlt
    82 0000008F EBFC                        jmp halt
    83                                  
    84                                  print_string:
    85 00000091 50                          push ax
    86 00000092 53                          push bx
    87 00000093 56                          push si
    88 00000094 B700                        mov bh, 0
    89                                  .next:
    90 00000096 AC                          lodsb
    91 00000097 84C0                        test al, al
    92 00000099 7406                        jz .done
    93 0000009B B40E                        mov ah, 0x0E
    94 0000009D CD10                        int 0x10
    95 0000009F EBF5                        jmp .next
    96                                  .done:
    97 000000A1 5E                          pop si
    98 000000A2 5B                          pop bx
    99 000000A3 58                          pop ax
   100 000000A4 C3                          ret
   101                                  
   102 000000A5 00                      drive: db 0
   103                                  
   104                                  dap:
   105 000000A6 10                          db 0x10
   106 000000A7 00                          db 0
   107 000000A8 1000                        dw STAGE2_SECTORS
   108 000000AA 007E                        dw STAGE2_ADDR
   109 000000AC 0000                        dw 0x0000
   110 000000AE 0100000000000000            dq STAGE2_LBA
   111                                  
   112 000000B6 4E79783A206C6F6164-     msg_boot:    db 'Nyx: loading stage2...', 0x0D, 0x0A, 0
   112 000000BF 696E67207374616765-
   112 000000C8 322E2E2E0D0A00     
   113 000000CF 4E6F20696E74313368-     msg_nolba:   db 'No int13h LBA ext', 0x0D, 0x0A, 0
   113 000000D8 204C4241206578740D-
   113 000000E1 0A00               
   114 000000E3 4469736B2072656164-     msg_diskerr: db 'Disk read error', 0x0D, 0x0A, 0
   114 000000EC 206572726F720D0A00 
   115                                  
   116                                  %ifdef FAT32
   117                                      times 0x1BE-($-$$) db 0      ; pad up to the partition table
   118                                      db 0x80, 0x00, 0x00, 0x00    ; partition 1: active, CHS start (unused)
   119                                      db 0x0C, 0x00, 0x00, 0x00    ; type 0x0C = FAT32 LBA, CHS end (unused)
   120                                      dd P1_START
   121                                      dd P1_SECTORS
   122                                      db 0x00, 0x00, 0x00, 0x00    ; partition 2: inactive
   123                                      db 0x0C, 0x00, 0x00, 0x00    ; type 0x0C = FAT32 LBA
   124                                      dd P2_START
   125                                      dd P2_SECTORS
   126                                      times 32 db 0                ; partition entries 3-4 (empty)
   127                                  %else
   128 000000F5 00<rep 109h>                times 510-($-$$) db 0
   129                                  %endif
   130 000001FE 55AA                    dw 0xAA55
